[debug] [2026-07-26T10:04:27.824Z] ----------------------------------------------------------------------
[debug] [2026-07-26T10:04:27.826Z] Command:       /opt/homebrew/Cellar/node@20/20.20.2/bin/node /Users/sumit/.npm/_npx/ba4f1959e38407b5/node_modules/.bin/firebase deploy --only firestore:rules,firestore:indexes
[debug] [2026-07-26T10:04:27.826Z] CLI Version:   15.24.0
[debug] [2026-07-26T10:04:27.826Z] Platform:      darwin
[debug] [2026-07-26T10:04:27.827Z] Node Version:  v20.20.2
[debug] [2026-07-26T10:04:27.827Z] Detected Agent: unknown
[debug] [2026-07-26T10:04:27.827Z] Time:          Sun Jul 26 2026 15:34:27 GMT+0530 (India Standard Time)
[debug] [2026-07-26T10:04:27.827Z] ----------------------------------------------------------------------
[debug] 
[debug] [2026-07-26T10:04:28.674Z] > command requires scopes: ["email","openid","https://www.googleapis.com/auth/cloudplatformprojects.readonly","https://www.googleapis.com/auth/firebase","https://www.googleapis.com/auth/cloud-platform"]
[debug] [2026-07-26T10:04:28.674Z] > authorizing via signed-in user (info.lifeholics@gmail.com)
[debug] [2026-07-26T10:04:28.674Z] [iam] checking project lifeholics-a12c2 for permissions ["datastore.indexes.create","datastore.indexes.delete","datastore.indexes.list","datastore.indexes.update","firebase.projects.get"]
[debug] [2026-07-26T10:04:28.675Z] Checked if tokens are valid: false, expires at: 1785016540257
[debug] [2026-07-26T10:04:28.675Z] Checked if tokens are valid: false, expires at: 1785016540257
[debug] [2026-07-26T10:04:28.675Z] > refreshing access token with scopes: []
[debug] [2026-07-26T10:04:28.676Z] >>> [apiv2][query] POST https://www.googleapis.com/oauth2/v3/token [none]
[debug] [2026-07-26T10:04:28.676Z] >>> [apiv2][body] POST https://www.googleapis.com/oauth2/v3/token [omitted]
[debug] [2026-07-26T10:04:28.894Z] <<< [apiv2][status] POST https://www.googleapis.com/oauth2/v3/token 200
[debug] [2026-07-26T10:04:28.894Z] <<< [apiv2][body] POST https://www.googleapis.com/oauth2/v3/token [omitted]
[debug] [2026-07-26T10:04:28.903Z] >>> [apiv2][query] POST https://cloudresourcemanager.googleapis.com/v1/projects/lifeholics-a12c2:testIamPermissions [none]
[debug] [2026-07-26T10:04:28.903Z] >>> [apiv2][(partial)header] POST https://cloudresourcemanager.googleapis.com/v1/projects/lifeholics-a12c2:testIamPermissions  x-goog-user-project=lifeholics-a12c2
[debug] [2026-07-26T10:04:28.903Z] >>> [apiv2][body] POST https://cloudresourcemanager.googleapis.com/v1/projects/lifeholics-a12c2:testIamPermissions {"permissions":["datastore.indexes.create","datastore.indexes.delete","datastore.indexes.list","datastore.indexes.update","firebase.projects.get"]}
[debug] [2026-07-26T10:04:30.376Z] <<< [apiv2][status] POST https://cloudresourcemanager.googleapis.com/v1/projects/lifeholics-a12c2:testIamPermissions 200
[debug] [2026-07-26T10:04:30.376Z] <<< [apiv2][body] POST https://cloudresourcemanager.googleapis.com/v1/projects/lifeholics-a12c2:testIamPermissions {"permissions":["datastore.indexes.create","datastore.indexes.delete","datastore.indexes.list","datastore.indexes.update","firebase.projects.get"]}
[info] 
[info] === Deploying to 'lifeholics-a12c2'...
[info] 
[info] i  deploying firestore 
[info] i  firestore: ensuring required API firestore.googleapis.com is enabled... 
[info] i  firestore: ensuring required API firestore.googleapis.com is enabled... 
[debug] [2026-07-26T10:04:30.382Z] Checked if tokens are valid: true, expires at: 1785063867894
[debug] [2026-07-26T10:04:30.382Z] Checked if tokens are valid: true, expires at: 1785063867894
[debug] [2026-07-26T10:04:30.382Z] >>> [apiv2][query] GET https://firestore.googleapis.com/v1/projects/lifeholics-a12c2/databases/(default) [none]
